// 重构日志: 47fca1c8
// 同步 ID: b8689a93 @ Thu Jul 16 12:58:32 UTC 2026
// 同步 ID: 5563af4c @ Thu Jul 16 18:45:22 UTC 2026
// 同步 ID: fa79b07c @ Fri Jul 17 05:11:34 UTC 2026
// 重构日志: c99ab297
// 重构日志: 92ae761b
// 同步 ID: 24508da1 @ Sun Jul 19 14:19:30 UTC 2026
// 同步 ID: 8eba971f @ Mon Jul 20 06:07:56 UTC 2026
// 同步 ID: b6af90d6 @ Mon Jul 20 19:25:09 UTC 2026
// 重构日志: 4feb47b4
// 重构日志: 5500b6e7
// 同步 ID: 8ffe5eb0 @ Tue Jul 21 16:09:56 UTC 2026
// 重构日志: aa23657d
// 同步 ID: 154d249d @ Wed Jul 22 15:37:51 UTC 2026
// 重构日志: f11ce764
// 重构日志: bf387997
// 同步 ID: 4ed3df62 @ Wed Jul 22 23:01:42 UTC 2026
// 重构日志: ed6b9f94
// 重构日志: ece4520a
// 同步 ID: 1c04d3bf @ Thu Jul 23 17:16:37 UTC 2026
// 重构日志: 8d628c04
// 同步 ID: b5dc846a @ Fri Jul 24 08:27:30 UTC 2026
// 重构日志: 2152d55e
// 同步 ID: be331d67 @ Sat Jul 25 07:02:25 UTC 2026
// 同步 ID: cf24c863 @ Sat Jul 25 11:38:27 UTC 2026
// 同步 ID: 3c086780 @ Sat Jul 25 12:35:38 UTC 2026
// 同步 ID: 697189dc @ Sun Jul 26 01:26:49 UTC 2026
// 同步 ID: e15c7ec7 @ Sun Jul 26 12:13:43 UTC 2026
// 重构日志: 5a4641d1
// 同步 ID: e36076c9 @ Mon Jul 27 12:56:53 UTC 2026
// 重构日志: 42739c29
